Godot Engine v4.7.1.stable.official.a13da4feb - https://godotengine.org

M1_ARENA_READY
M2_ENTRY_READY
  [ok] boot: fresh profile, new attempt identity
  [ok] wave clear: +1 engram, receipt blocks second grant
  [ok] research opens only in prep, pauses tree
  [ok] research purchase: balance 1->0, f1 learned
  [ok] no drift across 4 s planning pause
  [ok] researched wall spawns with +30 hp
  [ok] wave 2 cleared: balance back to 1
  [ok] save failure refunds purchase
M1_ARENA_READY
M2_ENTRY_READY
  [ok] checkpoint load: same attempt id, wave, cargo, knowledge
  [ok] reloaded wave-clear state does not re-grant engram
  [ok] nested menu cannot unpause combat
M1_ARENA_READY
ERROR: Parse JSON failed. Error at line 0: Expected 'true', 'false', or 'null', got 'NOT'
   at: parse_string (core/io/json.cpp:629)
   GDScript backtrace (most recent call first):
       [0] _try_read (res://core/profile_store.gd:61)
       [1] load (res://core/profile_store.gd:44)
       [2] _load_profile (res://scenes/v1/entry.gd:216)
       [3] _ready (res://scenes/v1/entry.gd:64)
       [4] _boot_entry (res://tests/v1/m3_probe.gd:39)
       [5] _run (res://tests/v1/m3_probe.gd:132)
       [6] _wait (res://tests/v1/m3_probe.gd:27)
M2_ENTRY_READY
  [ok] corrupt save recovers from backup
  [ok] prerequisite: t2 blocked until t1
== M3 probe: 13 ok, 0 fail ==
