Godot Engine v4.7.1.stable.official.a13da4feb - https://godotengine.org

== CHRONOLITH smoke ==
  ok    compiles: res://core/contracts.gd
  ok    compiles: res://core/event_bus.gd
  ok    compiles: res://core/game_state.gd
  ok    compiles: res://core/bus_logger.gd
  ok    compiles: res://core/input_map_setup.gd
  ok    compiles: res://core/main.gd
  ok    compiles: res://modules/environment/environment_controller.gd
  ok    compiles: res://modules/environment/internal/mars_map.gd
  ok    compiles: res://modules/economy/economy_controller.gd
  ok    compiles: res://modules/chronolith/chronolith_controller.gd
  ok    compiles: res://modules/chronolith/internal/crystal.gd
  ok    compiles: res://modules/build/build_controller.gd
  ok    compiles: res://modules/build/internal/building.gd
  ok    compiles: res://modules/build/internal/ghost.gd
  ok    compiles: res://modules/waves/waves_controller.gd
  ok    compiles: res://modules/waves/internal/enemy.gd
  ok    compiles: res://modules/rover/rover_controller.gd
  ok    compiles: res://modules/rover/internal/rover_body.gd
  ok    compiles: res://modules/meta/meta_controller.gd
  ok    compiles: res://modules/meta/internal/save_store.gd
  ok    compiles: res://modules/meta/internal/hub_screen.gd
  ok    compiles: res://modules/ui/ui_controller.gd
  ok    compiles: res://modules/ui/internal/hud.gd
  ok    compiles: res://modules/ui/internal/build_menu.gd
  ok    compiles: res://modules/ui/internal/input_forwarder.gd
  ok    compiles: res://modules/audio/audio_controller.gd
  ok    json ok: sol_timing.json
  ok    json ok: maps.json
  ok    json ok: storm_tables.json
  ok    json ok: starting_resources.json
  ok    json ok: costs.json
  ok    json ok: chronolith.json
  ok    json ok: buildings.json
  ok    json ok: grid_rules.json
  ok    json ok: enemy_types.json
  ok    json ok: wave_tables.json
  ok    json ok: rover_stages.json
  ok    json ok: weapons.json
  ok    json ok: unlocks.json
  ok    json ok: memory_fragments.json
  ok    json ok: sound_map.json
  ok    boots into HUB
  ok    insufficient purchase rejected
  ok    placement request accepted (valid site)
  ok    turret placed via economy purchase
  ok    sol 1 began
  ok    phase CALM after run start
  ok    skip calm → ASSAULT
  ok    enemies spawned during assault
  ok    fire event resolves kill + salvage
  ok    rewind_window emitted on activation
  ok    chronolith destruction ends run
  ok    returns to HUB after reset
  ok    hub unlock purchased permanently
  ok    save file persisted
  ok    memory dialog pauses timeline
  ok    memory resolve unpauses timeline
  ok    banked shards survive run start (40)
  ok    in-run resources reset on run start
  ok    meta_loaded seeds banked shards into ledger
  ok    player_requested_upgrade resolves to stage 1
  ok    turret placement accepted (repair test)
  ok    turret exists for repair test
  ok    building took 40 damage (hp 50)
  ok    held E repairs damaged building (hp 50 -> 70)
  ok    trooper alive for wall-block test
  ok    trooper detects adjacent wall and chews it
  ok    map tunnel holes loaded from map data
  ok    burrower starts underground
  ok    burrower targets an actual map tunnel hole
ERROR: Parse JSON failed. Error at line 0: Expected key
   at: parse_string (core/io/json.cpp:629)
   GDScript backtrace (most recent call first):
       [0] load_save (res://modules/meta/internal/save_store.gd:16)
       [1] _run (res://tests/smoke_test.gd:263)
       [2] frames (res://tests/smoke_test.gd:34)
WARNING: [Meta] save corrupted — quarantining
     at: push_warning (core/variant/variant_utility.cpp:1033)
     GDScript backtrace (most recent call first):
         [0] _quarantine (res://modules/meta/internal/save_store.gd:32)
         [1] load_save (res://modules/meta/internal/save_store.gd:18)
         [2] _run (res://tests/smoke_test.gd:263)
         [3] frames (res://tests/smoke_test.gd:34)
  ok    corrupt save quarantined -> fresh defaults
== 71 checks, 0 failures ==
WARNING: 3 ObjectDB instances were leaked at exit (run with `--verbose` for details).
   at: cleanup (core/object/object.cpp:2536)
ERROR: 1 resources still in use at exit (run with --verbose for details).
   at: clear (core/io/resource.cpp:822)
